PASS audit_i3_quintic_split_allocation.py (0.5s)
PASS audit_i3_split_mahler_frontier.py (0.4s)
PASS audit_october03_integration.py (0.3s)
PASS audit_i3_quadratic_cofactor.py (1.3s)
PASS audit_i3_quintic_quadratic_endpoint.py (2.7s)
PASS audit_i3_quintic_quadratic_complete.py (0.5s)
PASS audit_i3_cubic_cofactor.py (0.5s)
PASS audit_i3_sextic_partial_sharing.py (1.8s)
PASS audit_i3_even_multiplier.py (0.7s)
PASS audit_i3_split_geometric.py (0.4s)
PASS audit_i3_arbitrary_cofactor.py (0.7s)
PASS audit_i3_adjacent_resultants.py (0.9s)
PASS audit_i3_central_square_descent.py (1.3s)
PASS audit_i3_half_ratio_central_bounds.py (4.1s)
PASS audit_i3_balanced_boundary.py (7.1s)
PASS audit_i3_five_power_composition.py (1.0s)
PASS audit_i3_five_power_low_degree_closeout.py (2.4s)
PASS audit_i3_half_degree_composition.py (5.8s)
PASS audit_i3_prime_power_resultants.py (0.9s)
PASS audit_i3_septic_and_saturation.py (2.0s)
PASS audit_i3_sextic_closeout.py (2.6s)
PASS audit_i3_quintic_digit_classification.py (0.8s)
PASS audit_i3_quintic_closeout.py (0.0s)
PASS audit_i3_extremal_split_closeout.py (1.0s)
PASS audit_i3_sextic_working_models.py (0.4s)
PASS audit_i4_six_cell_capacity.py (0.0s)
PASS audit_polynomial_capacity_supports.py (0.0s)
PASS audit_iterated_polynomial_capacity.py (1.3s)
PASS audit_known_bridge_and_i4_fixed_j.py (0.4s)

The wrapper log stopped after 29 checks; final two checks were completed separately.
PASS replay_i4_fixed_j.py (separate run, exit 0)
PASS check_repository.py (separate run, exit 0)
Verified all 31 listed checks. Problem 699 remains open.
